Godot Engine v4.7.2.stable.official.ed1daf0bf - https://godotengine.org

ERROR: Failed to read the root certificate store.
   at: get_system_ca_certificates (platform/windows/os_windows.cpp:2582)
Unable to open Android 'build-tools' directory.
[   0% ] first_scan_filesystem | Started Inicialização do Projeto (5 steps)
[   0% ] first_scan_filesystem | Escaneando estrutura de arquivos...
[  16% ] first_scan_filesystem | Carregando nomes de classe globais...
[  33% ] first_scan_filesystem | Verificando GDExtensions...
[  50% ] first_scan_filesystem | Criando scripts autoload...
[  66% ] first_scan_filesystem | Inicializando plugins...
[  83% ] first_scan_filesystem | Iniciando escaneamento de arquivos...
[ DONE ] first_scan_filesystem

[   0% ] update_scripts_classes | Started Registrando classes globais... (13 steps)
[   0% ] update_scripts_classes | ContentRegistry
[   7% ] update_scripts_classes | ContentVisualProfile
[  14% ] update_scripts_classes | EnemyCharacterVisual
[  21% ] update_scripts_classes | PlayerCharacterVisual
[  28% ] update_scripts_classes | 
[  35% ] update_scripts_classes | BiomeGenerator
[  42% ] update_scripts_classes | 
[  50% ] update_scripts_classes | 
[  57% ] update_scripts_classes | 
[  64% ] update_scripts_classes | 
[  71% ] update_scripts_classes | 
[  78% ] update_scripts_classes | 
[  85% ] update_scripts_classes | 
[ DONE ] update_scripts_classes

[   0% ] loading_editor_layout | Started Carregando editor (5 steps)
[   0% ] loading_editor_layout | Carregando layout do editor...
[  16% ] loading_editor_layout | Carregando abas...
[  33% ] loading_editor_layout | Reabrindo cenas...
[  50% ] loading_editor_layout | Carregando layout do editor central...
[  66% ] loading_editor_layout | Carregando layout da janela de plugins...
[  83% ] loading_editor_layout | Layout do editor pronto.
[ DONE ] loading_editor_layout

